// Jest Snapshot v1, https://goo.gl/fbAQLP

exports[`MuiTreeView renders correctly 1`] = `
Array [
  <div
    className="MuiPaper-root-11 MuiPaper-elevation0-13 MuiExpansionPanel-root-8 MuiTreeView-panel-1"
    style={
      Object {
        "textIndent": 8,
      }
    }
    tree={
      Array [
        Object {
          "nodes": Array [
            Object {
              "value": "Child A",
            },
            Object {
              "value": "Child B",
            },
          ],
          "value": "Parent A",
        },
        Object {
          "nodes": Array [
            Object {
              "value": "Child C",
            },
            Object {
              "nodes": Array [
                Object {
                  "value": "Child D",
                },
                Object {
                  "value": "Child E",
                },
                Object {
                  "value": "Child F",
                },
              ],
              "value": "Parent C",
            },
          ],
          "value": "Parent B",
        },
      ]
    }
  >
    <div
      aria-expanded={false}
      className="MuiButtonBase-root-44 MuiExpansionPanelSummary-root-38 MuiTreeView-panelSummary-2"
      onBlur={[Function]}
      onClick={[Function]}
      onFocus={[Function]}
      onKeyDown={[Function]}
      onKeyUp={[Function]}
      onMouseDown={[Function]}
      onMouseLeave={[Function]}
      onMouseUp={[Function]}
      onTouchEnd={[Function]}
      onTouchMove={[Function]}
      onTouchStart={[Function]}
      role="button"
      tabIndex="0"
    >
      <div
        className="MuiExpansionPanelSummary-content-42"
      >
        <div
          className="MuiTreeView-text-6"
        >
          Parent A
        </div>
      </div>
      <div
        aria-hidden="true"
        className="MuiButtonBase-root-44 MuiIconButton-root-47 MuiExpansionPanelSummary-expandIcon-43 MuiTreeView-expandIcon-7"
        onBlur={[Function]}
        onFocus={[Function]}
        onKeyDown={[Function]}
        onKeyUp={[Function]}
        onMouseDown={[Function]}
        onMouseLeave={[Function]}
        onMouseUp={[Function]}
        onTouchEnd={[Function]}
        onTouchMove={[Function]}
        onTouchStart={[Function]}
        role="button"
        tabIndex={-1}
      >
        <span
          className="MuiIconButton-label-52"
        >
          <svg
            aria-hidden="true"
            className="MuiSvgIcon-root-53"
            color={undefined}
            focusable="false"
            viewBox="0 0 24 24"
          >
            <path
              d="M7.41 8.59L12 13.17l4.59-4.58L18 10l-6 6-6-6 1.41-1.41z"
            />
            <path
              d="M0 0h24v24H0V0z"
              fill="none"
            />
          </svg>
        </span>
        <span
          className="MuiTouchRipple-root-59"
        />
      </div>
    </div>
    <div
      aria-hidden="true"
      className="MuiCollapse-container-66"
      style={
        Object {
          "minHeight": "0px",
        }
      }
    >
      <div
        className="MuiCollapse-wrapper-68"
      >
        <div
          className="MuiCollapse-wrapperInner-69"
        >
          <div
            className="MuiExpansionPanelDetails-root-70 MuiTreeView-panelDetails-3"
          >
            <div
              className="MuiButtonBase-root-44 MuiListItem-root-71 MuiListItem-default-74 MuiListItem-button-79"
              id="Child A"
              onBlur={[Function]}
              onClick={[Function]}
              onFocus={[Function]}
              onKeyDown={[Function]}
              onKeyUp={[Function]}
              onMouseDown={[Function]}
              onMouseLeave={[Function]}
              onMouseUp={[Function]}
              onTouchEnd={[Function]}
              onTouchMove={[Function]}
              onTouchStart={[Function]}
              role="button"
              style={
                Object {
                  "textIndent": 24,
                }
              }
              tabIndex="0"
              value="Child A"
            >
              <div
                className="MuiTreeView-text-6"
              >
                Child A
              </div>
              <span
                className="MuiTouchRipple-root-59"
              />
            </div>
            <div
              className="MuiButtonBase-root-44 MuiListItem-root-71 MuiListItem-default-74 MuiListItem-button-79"
              id="Child B"
              onBlur={[Function]}
              onClick={[Function]}
              onFocus={[Function]}
              onKeyDown={[Function]}
              onKeyUp={[Function]}
              onMouseDown={[Function]}
              onMouseLeave={[Function]}
              onMouseUp={[Function]}
              onTouchEnd={[Function]}
              onTouchMove={[Function]}
              onTouchStart={[Function]}
              role="button"
              style={
                Object {
                  "textIndent": 24,
                }
              }
              tabIndex="0"
              value="Child B"
            >
              <div
                className="MuiTreeView-text-6"
              >
                Child B
              </div>
              <span
                className="MuiTouchRipple-root-59"
              />
            </div>
          </div>
        </div>
      </div>
    </div>
  </div>,
  <div
    className="MuiPaper-root-11 MuiPaper-elevation0-13 MuiExpansionPanel-root-8 MuiTreeView-panel-1"
    style={
      Object {
        "textIndent": 8,
      }
    }
    tree={
      Array [
        Object {
          "nodes": Array [
            Object {
              "value": "Child A",
            },
            Object {
              "value": "Child B",
            },
          ],
          "value": "Parent A",
        },
        Object {
          "nodes": Array [
            Object {
              "value": "Child C",
            },
            Object {
              "nodes": Array [
                Object {
                  "value": "Child D",
                },
                Object {
                  "value": "Child E",
                },
                Object {
                  "value": "Child F",
                },
              ],
              "value": "Parent C",
            },
          ],
          "value": "Parent B",
        },
      ]
    }
  >
    <div
      aria-expanded={false}
      className="MuiButtonBase-root-44 MuiExpansionPanelSummary-root-38 MuiTreeView-panelSummary-2"
      onBlur={[Function]}
      onClick={[Function]}
      onFocus={[Function]}
      onKeyDown={[Function]}
      onKeyUp={[Function]}
      onMouseDown={[Function]}
      onMouseLeave={[Function]}
      onMouseUp={[Function]}
      onTouchEnd={[Function]}
      onTouchMove={[Function]}
      onTouchStart={[Function]}
      role="button"
      tabIndex="0"
    >
      <div
        className="MuiExpansionPanelSummary-content-42"
      >
        <div
          className="MuiTreeView-text-6"
        >
          Parent B
        </div>
      </div>
      <div
        aria-hidden="true"
        className="MuiButtonBase-root-44 MuiIconButton-root-47 MuiExpansionPanelSummary-expandIcon-43 MuiTreeView-expandIcon-7"
        onBlur={[Function]}
        onFocus={[Function]}
        onKeyDown={[Function]}
        onKeyUp={[Function]}
        onMouseDown={[Function]}
        onMouseLeave={[Function]}
        onMouseUp={[Function]}
        onTouchEnd={[Function]}
        onTouchMove={[Function]}
        onTouchStart={[Function]}
        role="button"
        tabIndex={-1}
      >
        <span
          className="MuiIconButton-label-52"
        >
          <svg
            aria-hidden="true"
            className="MuiSvgIcon-root-53"
            color={undefined}
            focusable="false"
            viewBox="0 0 24 24"
          >
            <path
              d="M7.41 8.59L12 13.17l4.59-4.58L18 10l-6 6-6-6 1.41-1.41z"
            />
            <path
              d="M0 0h24v24H0V0z"
              fill="none"
            />
          </svg>
        </span>
        <span
          className="MuiTouchRipple-root-59"
        />
      </div>
    </div>
    <div
      aria-hidden="true"
      className="MuiCollapse-container-66"
      style={
        Object {
          "minHeight": "0px",
        }
      }
    >
      <div
        className="MuiCollapse-wrapper-68"
      >
        <div
          className="MuiCollapse-wrapperInner-69"
        >
          <div
            className="MuiExpansionPanelDetails-root-70 MuiTreeView-panelDetails-3"
          >
            <div
              className="MuiButtonBase-root-44 MuiListItem-root-71 MuiListItem-default-74 MuiListItem-button-79"
              id="Child C"
              onBlur={[Function]}
              onClick={[Function]}
              onFocus={[Function]}
              onKeyDown={[Function]}
              onKeyUp={[Function]}
              onMouseDown={[Function]}
              onMouseLeave={[Function]}
              onMouseUp={[Function]}
              onTouchEnd={[Function]}
              onTouchMove={[Function]}
              onTouchStart={[Function]}
              role="button"
              style={
                Object {
                  "textIndent": 24,
                }
              }
              tabIndex="0"
              value="Child C"
            >
              <div
                className="MuiTreeView-text-6"
              >
                Child C
              </div>
              <span
                className="MuiTouchRipple-root-59"
              />
            </div>
            <div
              className="MuiPaper-root-11 MuiPaper-elevation0-13 MuiExpansionPanel-root-8 MuiTreeView-childPanel-5 MuiTreeView-panel-1"
              style={
                Object {
                  "textIndent": 16,
                }
              }
              tree={
                Array [
                  Object {
                    "nodes": Array [
                      Object {
                        "value": "Child A",
                      },
                      Object {
                        "value": "Child B",
                      },
                    ],
                    "value": "Parent A",
                  },
                  Object {
                    "nodes": Array [
                      Object {
                        "value": "Child C",
                      },
                      Object {
                        "nodes": Array [
                          Object {
                            "value": "Child D",
                          },
                          Object {
                            "value": "Child E",
                          },
                          Object {
                            "value": "Child F",
                          },
                        ],
                        "value": "Parent C",
                      },
                    ],
                    "value": "Parent B",
                  },
                ]
              }
            >
              <div
                aria-expanded={false}
                className="MuiButtonBase-root-44 MuiExpansionPanelSummary-root-38 MuiTreeView-panelSummary-2"
                onBlur={[Function]}
                onClick={[Function]}
                onFocus={[Function]}
                onKeyDown={[Function]}
                onKeyUp={[Function]}
                onMouseDown={[Function]}
                onMouseLeave={[Function]}
                onMouseUp={[Function]}
                onTouchEnd={[Function]}
                onTouchMove={[Function]}
                onTouchStart={[Function]}
                role="button"
                tabIndex="0"
              >
                <div
                  className="MuiExpansionPanelSummary-content-42"
                >
                  <div
                    className="MuiTreeView-text-6"
                  >
                    Parent C
                  </div>
                </div>
                <div
                  aria-hidden="true"
                  className="MuiButtonBase-root-44 MuiIconButton-root-47 MuiExpansionPanelSummary-expandIcon-43 MuiTreeView-expandIcon-7"
                  onBlur={[Function]}
                  onFocus={[Function]}
                  onKeyDown={[Function]}
                  onKeyUp={[Function]}
                  onMouseDown={[Function]}
                  onMouseLeave={[Function]}
                  onMouseUp={[Function]}
                  onTouchEnd={[Function]}
                  onTouchMove={[Function]}
                  onTouchStart={[Function]}
                  role="button"
                  tabIndex={-1}
                >
                  <span
                    className="MuiIconButton-label-52"
                  >
                    <svg
                      aria-hidden="true"
                      className="MuiSvgIcon-root-53"
                      color={undefined}
                      focusable="false"
                      viewBox="0 0 24 24"
                    >
                      <path
                        d="M7.41 8.59L12 13.17l4.59-4.58L18 10l-6 6-6-6 1.41-1.41z"
                      />
                      <path
                        d="M0 0h24v24H0V0z"
                        fill="none"
                      />
                    </svg>
                  </span>
                  <span
                    className="MuiTouchRipple-root-59"
                  />
                </div>
              </div>
              <div
                aria-hidden="true"
                className="MuiCollapse-container-66"
                style={
                  Object {
                    "minHeight": "0px",
                  }
                }
              >
                <div
                  className="MuiCollapse-wrapper-68"
                >
                  <div
                    className="MuiCollapse-wrapperInner-69"
                  >
                    <div
                      className="MuiExpansionPanelDetails-root-70 MuiTreeView-panelDetails-3"
                    >
                      <div
                        className="MuiButtonBase-root-44 MuiListItem-root-71 MuiListItem-default-74 MuiListItem-button-79"
                        id="Child D"
                        onBlur={[Function]}
                        onClick={[Function]}
                        onFocus={[Function]}
                        onKeyDown={[Function]}
                        onKeyUp={[Function]}
                        onMouseDown={[Function]}
                        onMouseLeave={[Function]}
                        onMouseUp={[Function]}
                        onTouchEnd={[Function]}
                        onTouchMove={[Function]}
                        onTouchStart={[Function]}
                        role="button"
                        style={
                          Object {
                            "textIndent": 32,
                          }
                        }
                        tabIndex="0"
                        value="Child D"
                      >
                        <div
                          className="MuiTreeView-text-6"
                        >
                          Child D
                        </div>
                        <span
                          className="MuiTouchRipple-root-59"
                        />
                      </div>
                      <div
                        className="MuiButtonBase-root-44 MuiListItem-root-71 MuiListItem-default-74 MuiListItem-button-79"
                        id="Child E"
                        onBlur={[Function]}
                        onClick={[Function]}
                        onFocus={[Function]}
                        onKeyDown={[Function]}
                        onKeyUp={[Function]}
                        onMouseDown={[Function]}
                        onMouseLeave={[Function]}
                        onMouseUp={[Function]}
                        onTouchEnd={[Function]}
                        onTouchMove={[Function]}
                        onTouchStart={[Function]}
                        role="button"
                        style={
                          Object {
                            "textIndent": 32,
                          }
                        }
                        tabIndex="0"
                        value="Child E"
                      >
                        <div
                          className="MuiTreeView-text-6"
                        >
                          Child E
                        </div>
                        <span
                          className="MuiTouchRipple-root-59"
                        />
                      </div>
                      <div
                        className="MuiButtonBase-root-44 MuiListItem-root-71 MuiListItem-default-74 MuiListItem-button-79"
                        id="Child F"
                        onBlur={[Function]}
                        onClick={[Function]}
                        onFocus={[Function]}
                        onKeyDown={[Function]}
                        onKeyUp={[Function]}
                        onMouseDown={[Function]}
                        onMouseLeave={[Function]}
                        onMouseUp={[Function]}
                        onTouchEnd={[Function]}
                        onTouchMove={[Function]}
                        onTouchStart={[Function]}
                        role="button"
                        style={
                          Object {
                            "textIndent": 32,
                          }
                        }
                        tabIndex="0"
                        value="Child F"
                      >
                        <div
                          className="MuiTreeView-text-6"
                        >
                          Child F
                        </div>
                        <span
                          className="MuiTouchRipple-root-59"
                        />
                      </div>
                    </div>
                  </div>
                </div>
              </div>
            </div>
          </div>
        </div>
      </div>
    </div>
  </div>,
]
`;
